> CALL PGM(IBMIAI1/FININSTR)                                          
  Instrument added successfully.                                      
  Cannot process subfile request for file FININSTD in library IBMIAI1.
? C                                                                   
  Cannot process subfile request for file FININSTD in library IBMIAI1.
? C                                                                   
  Session or device error occurred in file FININSTD.                  
  Application error.  RNX1255 unmonitored by FININSTR at statement    
    0000000174, instruction X'0000'.                                  
